MPLINK 4.40, Linker
Linker Map File - Created Mon Feb 23 01:10:45 2015

                                 Section Info
                  Section       Type    Address   Location Size(Bytes)
                ---------  ---------  ---------  ---------  ---------
                   .org_0       code   0x000000    program   0x000000
                   .org_1       code   0x000000    program   0x000002
                   .org_2       code   0x000008    program   0x000002
                   .org_3       code   0x00002a    program   0x00006c



                              Program Memory Usage 
                               Start         End      
                           ---------   ---------      
                            0x000000    0x000001      
                            0x000008    0x000009      
                            0x00002a    0x000095      
            112 out of 33048 program addresses used, program memory utilization is 0%



                              Symbols - Sorted by Name
                     Name    Address   Location    Storage File                     
                ---------  ---------  ---------  --------- ---------                
                    Delay   0x000076    program     static D:\project\PIC\PIC_projext\UART\main.asm
                    RX_TX   0x00005c    program     static D:\project\PIC\PIC_projext\UART\main.asm
                     init   0x00002a    program     static D:\project\PIC\PIC_projext\UART\main.asm
                     loop   0x000082    program     static D:\project\PIC\PIC_projext\UART\main.asm
                     main   0x000058    program     static D:\project\PIC\PIC_projext\UART\main.asm



                              Symbols - Sorted by Address
                     Name    Address   Location    Storage File                     
                ---------  ---------  ---------  --------- ---------                
                     init   0x00002a    program     static D:\project\PIC\PIC_projext\UART\main.asm
                     main   0x000058    program     static D:\project\PIC\PIC_projext\UART\main.asm
                    RX_TX   0x00005c    program     static D:\project\PIC\PIC_projext\UART\main.asm
                    Delay   0x000076    program     static D:\project\PIC\PIC_projext\UART\main.asm
                     loop   0x000082    program     static D:\project\PIC\PIC_projext\UART\main.asm


